----------------------------------------------------------------------------------------------------
Process log created at time :Thu Aug  6 23:23:39 2026
----------------------------------------------------------------------------------------------------
----------------------------------------------------------------------------------------------------

Process ID : 0
Process Name : System Idle Process
Username : NT AUTHORITY\SYSTEM
----------------------------------------------------------------------------------------------------
----------------------------------------------------------------------------------------------------

Process ID : 4
Process Name : System
Username : NT AUTHORITY\SYSTEM
----------------------------------------------------------------------------------------------------
----------------------------------------------------------------------------------------------------

Process ID : 188
Process Name : 
Username : None
----------------------------------------------------------------------------------------------------
----------------------------------------------------------------------------------------------------

Process ID : 232
Process Name : Registry
Username : None
----------------------------------------------------------------------------------------------------
----------------------------------------------------------------------------------------------------

Process ID : 504
Process Name : RuntimeBroker.exe
Username : LAPTOP-UT3JB7CV\SANKET
----------------------------------------------------------------------------------------------------
----------------------------------------------------------------------------------------------------

Process ID : 556
Process Name : Code.exe
Username : LAPTOP-UT3JB7CV\SANKET
----------------------------------------------------------------------------------------------------
----------------------------------------------------------------------------------------------------

Process ID : 796
Process Name : smss.exe
Username : None
----------------------------------------------------------------------------------------------------
----------------------------------------------------------------------------------------------------

Process ID : 1104
Process Name : csrss.exe
Username : None
----------------------------------------------------------------------------------------------------
----------------------------------------------------------------------------------------------------

Process ID : 1248
Process Name : wininit.exe
Username : None
----------------------------------------------------------------------------------------------------
----------------------------------------------------------------------------------------------------

Process ID : 1376
Process Name : services.exe
Username : None
----------------------------------------------------------------------------------------------------
----------------------------------------------------------------------------------------------------

Process ID : 1408
Process Name : LsaIso.exe
Username : None
----------------------------------------------------------------------------------------------------
----------------------------------------------------------------------------------------------------

Process ID : 1428
Process Name : lsass.exe
Username : None
----------------------------------------------------------------------------------------------------
----------------------------------------------------------------------------------------------------

Process ID : 1488
Process Name : svchost.exe
Username : None
----------------------------------------------------------------------------------------------------
----------------------------------------------------------------------------------------------------

Process ID : 1528
Process Name : WmiPrvSE.exe
Username : None
----------------------------------------------------------------------------------------------------
----------------------------------------------------------------------------------------------------

Process ID : 1560
Process Name : svchost.exe
Username : None
----------------------------------------------------------------------------------------------------
----------------------------------------------------------------------------------------------------

Process ID : 1596
Process Name : fontdrvhost.exe
Username : None
----------------------------------------------------------------------------------------------------
----------------------------------------------------------------------------------------------------

Process ID : 1692
Process Name : svchost.exe
Username : None
----------------------------------------------------------------------------------------------------
----------------------------------------------------------------------------------------------------

Process ID : 1744
Process Name : svchost.exe
Username : None
----------------------------------------------------------------------------------------------------
----------------------------------------------------------------------------------------------------

Process ID : 1780
Process Name : svchost.exe
Username : None
----------------------------------------------------------------------------------------------------
----------------------------------------------------------------------------------------------------

Process ID : 1816
Process Name : svchost.exe
Username : None
----------------------------------------------------------------------------------------------------
----------------------------------------------------------------------------------------------------

Process ID : 1828
Process Name : DiagsCap.exe
Username : None
----------------------------------------------------------------------------------------------------
----------------------------------------------------------------------------------------------------

Process ID : 1876
Process Name : svchost.exe
Username : None
----------------------------------------------------------------------------------------------------
----------------------------------------------------------------------------------------------------

Process ID : 2004
Process Name : msedge.exe
Username : LAPTOP-UT3JB7CV\SANKET
----------------------------------------------------------------------------------------------------
----------------------------------------------------------------------------------------------------

Process ID : 2012
Process Name : svchost.exe
Username : None
----------------------------------------------------------------------------------------------------
----------------------------------------------------------------------------------------------------

Process ID : 2020
Process Name : msedge.exe
Username : LAPTOP-UT3JB7CV\SANKET
----------------------------------------------------------------------------------------------------
----------------------------------------------------------------------------------------------------

Process ID : 2040
Process Name : svchost.exe
Username : None
----------------------------------------------------------------------------------------------------
----------------------------------------------------------------------------------------------------

Process ID : 2064
Process Name : svchost.exe
Username : None
----------------------------------------------------------------------------------------------------
----------------------------------------------------------------------------------------------------

Process ID : 2080
Process Name : svchost.exe
Username : None
----------------------------------------------------------------------------------------------------
----------------------------------------------------------------------------------------------------

Process ID : 2112
Process Name : svchost.exe
Username : None
----------------------------------------------------------------------------------------------------
----------------------------------------------------------------------------------------------------

Process ID : 2196
Process Name : svchost.exe
Username : None
----------------------------------------------------------------------------------------------------
----------------------------------------------------------------------------------------------------

Process ID : 2232
Process Name : svchost.exe
Username : None
----------------------------------------------------------------------------------------------------
----------------------------------------------------------------------------------------------------

Process ID : 2252
Process Name : svchost.exe
Username : None
----------------------------------------------------------------------------------------------------
----------------------------------------------------------------------------------------------------

Process ID : 2268
Process Name : svchost.exe
Username : None
----------------------------------------------------------------------------------------------------
----------------------------------------------------------------------------------------------------

Process ID : 2356
Process Name : cmd.exe
Username : LAPTOP-UT3JB7CV\SANKET
----------------------------------------------------------------------------------------------------
----------------------------------------------------------------------------------------------------

Process ID : 2436
Process Name : atiesrxx.exe
Username : None
----------------------------------------------------------------------------------------------------
----------------------------------------------------------------------------------------------------

Process ID : 2572
Process Name : amdfendrsr.exe
Username : None
----------------------------------------------------------------------------------------------------
----------------------------------------------------------------------------------------------------

Process ID : 2580
Process Name : svchost.exe
Username : None
----------------------------------------------------------------------------------------------------
----------------------------------------------------------------------------------------------------

Process ID : 2656
Process Name : svchost.exe
Username : None
----------------------------------------------------------------------------------------------------
----------------------------------------------------------------------------------------------------

Process ID : 2700
Process Name : helperservice.exe
Username : None
----------------------------------------------------------------------------------------------------
----------------------------------------------------------------------------------------------------

Process ID : 2820
Process Name : svchost.exe
Username : None
----------------------------------------------------------------------------------------------------
----------------------------------------------------------------------------------------------------

Process ID : 2944
Process Name : svchost.exe
Username : None
----------------------------------------------------------------------------------------------------
----------------------------------------------------------------------------------------------------

Process ID : 3020
Process Name : svchost.exe
Username : LAPTOP-UT3JB7CV\SANKET
----------------------------------------------------------------------------------------------------
----------------------------------------------------------------------------------------------------

Process ID : 3048
Process Name : SnippingTool.exe
Username : LAPTOP-UT3JB7CV\SANKET
----------------------------------------------------------------------------------------------------
----------------------------------------------------------------------------------------------------

Process ID : 3060
Process Name : conhost.exe
Username : None
----------------------------------------------------------------------------------------------------
----------------------------------------------------------------------------------------------------

Process ID : 3116
Process Name : crashpad_handler.exe
Username : LAPTOP-UT3JB7CV\SANKET
----------------------------------------------------------------------------------------------------
----------------------------------------------------------------------------------------------------

Process ID : 3128
Process Name : svchost.exe
Username : LAPTOP-UT3JB7CV\SANKET
----------------------------------------------------------------------------------------------------
----------------------------------------------------------------------------------------------------

Process ID : 3164
Process Name : sqlwriter.exe
Username : None
----------------------------------------------------------------------------------------------------
----------------------------------------------------------------------------------------------------

Process ID : 3168
Process Name : vmnat.exe
Username : None
----------------------------------------------------------------------------------------------------
----------------------------------------------------------------------------------------------------

Process ID : 3184
Process Name : vmware-usbarbitrator64.exe
Username : None
----------------------------------------------------------------------------------------------------
----------------------------------------------------------------------------------------------------

Process ID : 3248
Process Name : svchost.exe
Username : None
----------------------------------------------------------------------------------------------------
----------------------------------------------------------------------------------------------------

Process ID : 3276
Process Name : svchost.exe
Username : None
----------------------------------------------------------------------------------------------------
----------------------------------------------------------------------------------------------------

Process ID : 3280
Process Name : svchost.exe
Username : None
----------------------------------------------------------------------------------------------------
----------------------------------------------------------------------------------------------------

Process ID : 3292
Process Name : svchost.exe
Username : None
----------------------------------------------------------------------------------------------------
----------------------------------------------------------------------------------------------------

Process ID : 3356
Process Name : fontdrvhost.exe
Username : None
----------------------------------------------------------------------------------------------------
----------------------------------------------------------------------------------------------------

Process ID : 3368
Process Name : MemCompression
Username : None
----------------------------------------------------------------------------------------------------
----------------------------------------------------------------------------------------------------

Process ID : 3408
Process Name : svchost.exe
Username : None
----------------------------------------------------------------------------------------------------
----------------------------------------------------------------------------------------------------

Process ID : 3460
Process Name : svchost.exe
Username : None
----------------------------------------------------------------------------------------------------
----------------------------------------------------------------------------------------------------

Process ID : 3468
Process Name : TouchpointAnalyticsClientService.exe
Username : None
----------------------------------------------------------------------------------------------------
----------------------------------------------------------------------------------------------------

Process ID : 3476
Process Name : svchost.exe
Username : None
----------------------------------------------------------------------------------------------------
----------------------------------------------------------------------------------------------------

Process ID : 3612
Process Name : svchost.exe
Username : None
----------------------------------------------------------------------------------------------------
----------------------------------------------------------------------------------------------------

Process ID : 3712
Process Name : svchost.exe
Username : None
----------------------------------------------------------------------------------------------------
----------------------------------------------------------------------------------------------------

Process ID : 3720
Process Name : svchost.exe
Username : None
----------------------------------------------------------------------------------------------------
----------------------------------------------------------------------------------------------------

Process ID : 3756
Process Name : msedge.exe
Username : LAPTOP-UT3JB7CV\SANKET
----------------------------------------------------------------------------------------------------
----------------------------------------------------------------------------------------------------

Process ID : 3944
Process Name : svchost.exe
Username : None
----------------------------------------------------------------------------------------------------
----------------------------------------------------------------------------------------------------

Process ID : 3984
Process Name : vmnetdhcp.exe
Username : None
----------------------------------------------------------------------------------------------------
----------------------------------------------------------------------------------------------------

Process ID : 4008
Process Name : HPCommRecovery.exe
Username : None
----------------------------------------------------------------------------------------------------
----------------------------------------------------------------------------------------------------

Process ID : 4016
Process Name : svchost.exe
Username : None
----------------------------------------------------------------------------------------------------
----------------------------------------------------------------------------------------------------

Process ID : 4024
Process Name : OfficeClickToRun.exe
Username : None
----------------------------------------------------------------------------------------------------
----------------------------------------------------------------------------------------------------

Process ID : 4044
Process Name : Code.exe
Username : LAPTOP-UT3JB7CV\SANKET
----------------------------------------------------------------------------------------------------
----------------------------------------------------------------------------------------------------

Process ID : 4060
Process Name : svchost.exe
Username : None
----------------------------------------------------------------------------------------------------
----------------------------------------------------------------------------------------------------

Process ID : 4080
Process Name : msedgewebview2.exe
Username : LAPTOP-UT3JB7CV\SANKET
----------------------------------------------------------------------------------------------------
----------------------------------------------------------------------------------------------------

Process ID : 4140
Process Name : RtkBtManServ.exe
Username : None
----------------------------------------------------------------------------------------------------
----------------------------------------------------------------------------------------------------

Process ID : 4144
Process Name : svchost.exe
Username : None
----------------------------------------------------------------------------------------------------
----------------------------------------------------------------------------------------------------

Process ID : 4176
Process Name : svchost.exe
Username : None
----------------------------------------------------------------------------------------------------
----------------------------------------------------------------------------------------------------

Process ID : 4220
Process Name : svchost.exe
Username : None
----------------------------------------------------------------------------------------------------
----------------------------------------------------------------------------------------------------

Process ID : 4224
Process Name : svchost.exe
Username : None
----------------------------------------------------------------------------------------------------
----------------------------------------------------------------------------------------------------

Process ID : 4252
Process Name : SECOMN64.exe
Username : None
----------------------------------------------------------------------------------------------------
----------------------------------------------------------------------------------------------------

Process ID : 4276
Process Name : RtkAudUService64.exe
Username : None
----------------------------------------------------------------------------------------------------
----------------------------------------------------------------------------------------------------

Process ID : 4292
Process Name : HPPrintScanDoctorService.exe
Username : None
----------------------------------------------------------------------------------------------------
----------------------------------------------------------------------------------------------------

Process ID : 4300
Process Name : svchost.exe
Username : None
----------------------------------------------------------------------------------------------------
----------------------------------------------------------------------------------------------------

Process ID : 4360
Process Name : msedge.exe
Username : LAPTOP-UT3JB7CV\SANKET
----------------------------------------------------------------------------------------------------
----------------------------------------------------------------------------------------------------

Process ID : 4380
Process Name : dasHost.exe
Username : None
----------------------------------------------------------------------------------------------------
----------------------------------------------------------------------------------------------------

Process ID : 4388
Process Name : svchost.exe
Username : LAPTOP-UT3JB7CV\SANKET
----------------------------------------------------------------------------------------------------
----------------------------------------------------------------------------------------------------

Process ID : 4416
Process Name : svchost.exe
Username : None
----------------------------------------------------------------------------------------------------
----------------------------------------------------------------------------------------------------

Process ID : 4540
Process Name : svchost.exe
Username : None
----------------------------------------------------------------------------------------------------
----------------------------------------------------------------------------------------------------

Process ID : 4556
Process Name : dwm.exe
Username : None
----------------------------------------------------------------------------------------------------
----------------------------------------------------------------------------------------------------

Process ID : 4584
Process Name : vmware-authd.exe
Username : None
----------------------------------------------------------------------------------------------------
----------------------------------------------------------------------------------------------------

Process ID : 4604
Process Name : svchost.exe
Username : None
----------------------------------------------------------------------------------------------------
----------------------------------------------------------------------------------------------------

Process ID : 4640
Process Name : svchost.exe
Username : None
----------------------------------------------------------------------------------------------------
----------------------------------------------------------------------------------------------------

Process ID : 4708
Process Name : Code.exe
Username : LAPTOP-UT3JB7CV\SANKET
----------------------------------------------------------------------------------------------------
----------------------------------------------------------------------------------------------------

Process ID : 4744
Process Name : spoolsv.exe
Username : None
----------------------------------------------------------------------------------------------------
----------------------------------------------------------------------------------------------------

Process ID : 4764
Process Name : CrossDeviceService.exe
Username : LAPTOP-UT3JB7CV\SANKET
----------------------------------------------------------------------------------------------------
----------------------------------------------------------------------------------------------------

Process ID : 4816
Process Name : svchost.exe
Username : None
----------------------------------------------------------------------------------------------------
----------------------------------------------------------------------------------------------------

Process ID : 4912
Process Name : svchost.exe
Username : None
----------------------------------------------------------------------------------------------------
----------------------------------------------------------------------------------------------------

Process ID : 4920
Process Name : svchost.exe
Username : None
----------------------------------------------------------------------------------------------------
----------------------------------------------------------------------------------------------------

Process ID : 5012
Process Name : WindowsTerminal.exe
Username : LAPTOP-UT3JB7CV\SANKET
----------------------------------------------------------------------------------------------------
----------------------------------------------------------------------------------------------------

Process ID : 5040
Process Name : svchost.exe
Username : None
----------------------------------------------------------------------------------------------------
----------------------------------------------------------------------------------------------------

Process ID : 5064
Process Name : ETDService.exe
Username : None
----------------------------------------------------------------------------------------------------
----------------------------------------------------------------------------------------------------

Process ID : 5084
Process Name : armsvc.exe
Username : None
----------------------------------------------------------------------------------------------------
----------------------------------------------------------------------------------------------------

Process ID : 5124
Process Name : svchost.exe
Username : None
----------------------------------------------------------------------------------------------------
----------------------------------------------------------------------------------------------------

Process ID : 5136
Process Name : UltraViewer_Service.exe
Username : None
----------------------------------------------------------------------------------------------------
----------------------------------------------------------------------------------------------------

Process ID : 5208
Process Name : uihost.exe
Username : LAPTOP-UT3JB7CV\SANKET
----------------------------------------------------------------------------------------------------
----------------------------------------------------------------------------------------------------

Process ID : 5228
Process Name : mc-fw-host.exe
Username : None
----------------------------------------------------------------------------------------------------
----------------------------------------------------------------------------------------------------

Process ID : 5300
Process Name : pet.exe
Username : LAPTOP-UT3JB7CV\SANKET
----------------------------------------------------------------------------------------------------
----------------------------------------------------------------------------------------------------

Process ID : 5324
Process Name : msedgewebview2.exe
Username : LAPTOP-UT3JB7CV\SANKET
----------------------------------------------------------------------------------------------------
----------------------------------------------------------------------------------------------------

Process ID : 5376
Process Name : msedgewebview2.exe
Username : LAPTOP-UT3JB7CV\SANKET
----------------------------------------------------------------------------------------------------
----------------------------------------------------------------------------------------------------

Process ID : 5496
Process Name : svchost.exe
Username : None
----------------------------------------------------------------------------------------------------
----------------------------------------------------------------------------------------------------

Process ID : 5516
Process Name : svchost.exe
Username : None
----------------------------------------------------------------------------------------------------
----------------------------------------------------------------------------------------------------

Process ID : 5572
Process Name : dasHost.exe
Username : None
----------------------------------------------------------------------------------------------------
----------------------------------------------------------------------------------------------------

Process ID : 5696
Process Name : svchost.exe
Username : None
----------------------------------------------------------------------------------------------------
----------------------------------------------------------------------------------------------------

Process ID : 5732
Process Name : AppHelperCap.exe
Username : None
----------------------------------------------------------------------------------------------------
----------------------------------------------------------------------------------------------------

Process ID : 5864
Process Name : msedgewebview2.exe
Username : LAPTOP-UT3JB7CV\SANKET
----------------------------------------------------------------------------------------------------
----------------------------------------------------------------------------------------------------

Process ID : 5956
Process Name : svchost.exe
Username : LAPTOP-UT3JB7CV\SANKET
----------------------------------------------------------------------------------------------------
----------------------------------------------------------------------------------------------------

Process ID : 6080
Process Name : svchost.exe
Username : None
----------------------------------------------------------------------------------------------------
----------------------------------------------------------------------------------------------------

Process ID : 6152
Process Name : svchost.exe
Username : None
----------------------------------------------------------------------------------------------------
----------------------------------------------------------------------------------------------------

Process ID : 6284
Process Name : SpotifyWidgetProvider.exe
Username : LAPTOP-UT3JB7CV\SANKET
----------------------------------------------------------------------------------------------------
----------------------------------------------------------------------------------------------------

Process ID : 6512
Process Name : sihost.exe
Username : LAPTOP-UT3JB7CV\SANKET
----------------------------------------------------------------------------------------------------
----------------------------------------------------------------------------------------------------

Process ID : 6564
Process Name : powershell.exe
Username : LAPTOP-UT3JB7CV\SANKET
----------------------------------------------------------------------------------------------------
----------------------------------------------------------------------------------------------------

Process ID : 6876
Process Name : svchost.exe
Username : None
----------------------------------------------------------------------------------------------------
----------------------------------------------------------------------------------------------------

Process ID : 7032
Process Name : msedgewebview2.exe
Username : LAPTOP-UT3JB7CV\SANKET
----------------------------------------------------------------------------------------------------
----------------------------------------------------------------------------------------------------

Process ID : 7440
Process Name : WmiPrvSE.exe
Username : None
----------------------------------------------------------------------------------------------------
----------------------------------------------------------------------------------------------------

Process ID : 7912
Process Name : msedgewebview2.exe
Username : LAPTOP-UT3JB7CV\SANKET
----------------------------------------------------------------------------------------------------
----------------------------------------------------------------------------------------------------

Process ID : 8064
Process Name : unsecapp.exe
Username : None
----------------------------------------------------------------------------------------------------
----------------------------------------------------------------------------------------------------

Process ID : 8164
Process Name : svchost.exe
Username : None
----------------------------------------------------------------------------------------------------
----------------------------------------------------------------------------------------------------

Process ID : 8180
Process Name : LockApp.exe
Username : LAPTOP-UT3JB7CV\SANKET
----------------------------------------------------------------------------------------------------
----------------------------------------------------------------------------------------------------

Process ID : 8428
Process Name : SearchHost.exe
Username : LAPTOP-UT3JB7CV\SANKET
----------------------------------------------------------------------------------------------------
----------------------------------------------------------------------------------------------------

Process ID : 8620
Process Name : servicehost.exe
Username : None
----------------------------------------------------------------------------------------------------
----------------------------------------------------------------------------------------------------

Process ID : 8712
Process Name : HP.ContextAware.exe
Username : LAPTOP-UT3JB7CV\SANKET
----------------------------------------------------------------------------------------------------
----------------------------------------------------------------------------------------------------

Process ID : 8784
Process Name : svchost.exe
Username : None
----------------------------------------------------------------------------------------------------
----------------------------------------------------------------------------------------------------

Process ID : 8832
Process Name : Code.exe
Username : LAPTOP-UT3JB7CV\SANKET
----------------------------------------------------------------------------------------------------
----------------------------------------------------------------------------------------------------

Process ID : 8876
Process Name : svchost.exe
Username : None
----------------------------------------------------------------------------------------------------
----------------------------------------------------------------------------------------------------

Process ID : 8932
Process Name : svchost.exe
Username : None
----------------------------------------------------------------------------------------------------
----------------------------------------------------------------------------------------------------

Process ID : 9116
Process Name : MpDefenderCoreService.exe
Username : None
----------------------------------------------------------------------------------------------------
----------------------------------------------------------------------------------------------------

Process ID : 9212
Process Name : msedge.exe
Username : LAPTOP-UT3JB7CV\SANKET
----------------------------------------------------------------------------------------------------
----------------------------------------------------------------------------------------------------

Process ID : 9352
Process Name : svchost.exe
Username : None
----------------------------------------------------------------------------------------------------
----------------------------------------------------------------------------------------------------

Process ID : 9484
Process Name : elevation_service.exe
Username : None
----------------------------------------------------------------------------------------------------
----------------------------------------------------------------------------------------------------

Process ID : 9552
Process Name : SECOCL64.exe
Username : LAPTOP-UT3JB7CV\SANKET
----------------------------------------------------------------------------------------------------
----------------------------------------------------------------------------------------------------

Process ID : 9628
Process Name : svchost.exe
Username : None
----------------------------------------------------------------------------------------------------
----------------------------------------------------------------------------------------------------

Process ID : 9644
Process Name : msedge.exe
Username : LAPTOP-UT3JB7CV\SANKET
----------------------------------------------------------------------------------------------------
----------------------------------------------------------------------------------------------------

Process ID : 9720
Process Name : AggregatorHost.exe
Username : None
----------------------------------------------------------------------------------------------------
----------------------------------------------------------------------------------------------------

Process ID : 9824
Process Name : StartMenuExperienceHost.exe
Username : LAPTOP-UT3JB7CV\SANKET
----------------------------------------------------------------------------------------------------
----------------------------------------------------------------------------------------------------

Process ID : 9976
Process Name : svchost.exe
Username : None
----------------------------------------------------------------------------------------------------
----------------------------------------------------------------------------------------------------

Process ID : 10036
Process Name : taskhostw.exe
Username : LAPTOP-UT3JB7CV\SANKET
----------------------------------------------------------------------------------------------------
----------------------------------------------------------------------------------------------------

Process ID : 10104
Process Name : svchost.exe
Username : None
----------------------------------------------------------------------------------------------------
----------------------------------------------------------------------------------------------------

Process ID : 10396
Process Name : svchost.exe
Username : None
----------------------------------------------------------------------------------------------------
----------------------------------------------------------------------------------------------------

Process ID : 10536
Process Name : AMDRSServ.exe
Username : LAPTOP-UT3JB7CV\SANKET
----------------------------------------------------------------------------------------------------
----------------------------------------------------------------------------------------------------

Process ID : 10592
Process Name : unsecapp.exe
Username : LAPTOP-UT3JB7CV\SANKET
----------------------------------------------------------------------------------------------------
----------------------------------------------------------------------------------------------------

Process ID : 10596
Process Name : RuntimeBroker.exe
Username : LAPTOP-UT3JB7CV\SANKET
----------------------------------------------------------------------------------------------------
----------------------------------------------------------------------------------------------------

Process ID : 10816
Process Name : HxAccounts.exe
Username : LAPTOP-UT3JB7CV\SANKET
----------------------------------------------------------------------------------------------------
----------------------------------------------------------------------------------------------------

Process ID : 10888
Process Name : Code.exe
Username : LAPTOP-UT3JB7CV\SANKET
----------------------------------------------------------------------------------------------------
----------------------------------------------------------------------------------------------------

Process ID : 11000
Process Name : svchost.exe
Username : None
----------------------------------------------------------------------------------------------------
----------------------------------------------------------------------------------------------------

Process ID : 11044
Process Name : Code.exe
Username : LAPTOP-UT3JB7CV\SANKET
----------------------------------------------------------------------------------------------------
----------------------------------------------------------------------------------------------------

Process ID : 11260
Process Name : mc-fw-host.exe
Username : LAPTOP-UT3JB7CV\SANKET
----------------------------------------------------------------------------------------------------
----------------------------------------------------------------------------------------------------

Process ID : 11484
Process Name : RuntimeBroker.exe
Username : LAPTOP-UT3JB7CV\SANKET
----------------------------------------------------------------------------------------------------
----------------------------------------------------------------------------------------------------

Process ID : 11740
Process Name : svchost.exe
Username : None
----------------------------------------------------------------------------------------------------
----------------------------------------------------------------------------------------------------

Process ID : 11752
Process Name : msedgewebview2.exe
Username : LAPTOP-UT3JB7CV\SANKET
----------------------------------------------------------------------------------------------------
----------------------------------------------------------------------------------------------------

Process ID : 11768
Process Name : RtkAudUService64.exe
Username : LAPTOP-UT3JB7CV\SANKET
----------------------------------------------------------------------------------------------------
----------------------------------------------------------------------------------------------------

Process ID : 11860
Process Name : FileCoAuth.exe
Username : LAPTOP-UT3JB7CV\SANKET
----------------------------------------------------------------------------------------------------
----------------------------------------------------------------------------------------------------

Process ID : 11972
Process Name : svchost.exe
Username : None
----------------------------------------------------------------------------------------------------
----------------------------------------------------------------------------------------------------

Process ID : 12120
Process Name : msedge.exe
Username : LAPTOP-UT3JB7CV\SANKET
----------------------------------------------------------------------------------------------------
----------------------------------------------------------------------------------------------------

Process ID : 12164
Process Name : svchost.exe
Username : None
----------------------------------------------------------------------------------------------------
----------------------------------------------------------------------------------------------------

Process ID : 12412
Process Name : OneDrive.Sync.Service.exe
Username : LAPTOP-UT3JB7CV\SANKET
----------------------------------------------------------------------------------------------------
----------------------------------------------------------------------------------------------------

Process ID : 12532
Process Name : smartscreen.exe
Username : LAPTOP-UT3JB7CV\SANKET
----------------------------------------------------------------------------------------------------
----------------------------------------------------------------------------------------------------

Process ID : 12628
Process Name : winlogon.exe
Username : None
----------------------------------------------------------------------------------------------------
----------------------------------------------------------------------------------------------------

Process ID : 12788
Process Name : conhost.exe
Username : LAPTOP-UT3JB7CV\SANKET
----------------------------------------------------------------------------------------------------
----------------------------------------------------------------------------------------------------

Process ID : 12796
Process Name : SearchIndexer.exe
Username : None
----------------------------------------------------------------------------------------------------
----------------------------------------------------------------------------------------------------

Process ID : 12872
Process Name : ms-teams.exe
Username : LAPTOP-UT3JB7CV\SANKET
----------------------------------------------------------------------------------------------------
----------------------------------------------------------------------------------------------------

Process ID : 12948
Process Name : svchost.exe
Username : None
----------------------------------------------------------------------------------------------------
----------------------------------------------------------------------------------------------------

Process ID : 13016
Process Name : vmware-tray.exe
Username : LAPTOP-UT3JB7CV\SANKET
----------------------------------------------------------------------------------------------------
----------------------------------------------------------------------------------------------------

Process ID : 13032
Process Name : AdobeCollabSync.exe
Username : LAPTOP-UT3JB7CV\SANKET
----------------------------------------------------------------------------------------------------
----------------------------------------------------------------------------------------------------

Process ID : 13140
Process Name : msedge.exe
Username : LAPTOP-UT3JB7CV\SANKET
----------------------------------------------------------------------------------------------------
----------------------------------------------------------------------------------------------------

Process ID : 13168
Process Name : msedgewebview2.exe
Username : LAPTOP-UT3JB7CV\SANKET
----------------------------------------------------------------------------------------------------
----------------------------------------------------------------------------------------------------

Process ID : 13252
Process Name : svchost.exe
Username : None
----------------------------------------------------------------------------------------------------
----------------------------------------------------------------------------------------------------

Process ID : 13360
Process Name : svchost.exe
Username : None
----------------------------------------------------------------------------------------------------
----------------------------------------------------------------------------------------------------

Process ID : 13524
Process Name : WmiApSrv.exe
Username : None
----------------------------------------------------------------------------------------------------
----------------------------------------------------------------------------------------------------

Process ID : 13896
Process Name : NetworkCap.exe
Username : None
----------------------------------------------------------------------------------------------------
----------------------------------------------------------------------------------------------------

Process ID : 14148
Process Name : msedge.exe
Username : LAPTOP-UT3JB7CV\SANKET
----------------------------------------------------------------------------------------------------
----------------------------------------------------------------------------------------------------

Process ID : 14188
Process Name : svchost.exe
Username : None
----------------------------------------------------------------------------------------------------
----------------------------------------------------------------------------------------------------

Process ID : 14244
Process Name : OpenConsole.exe
Username : LAPTOP-UT3JB7CV\SANKET
----------------------------------------------------------------------------------------------------
----------------------------------------------------------------------------------------------------

Process ID : 14260
Process Name : msedgewebview2.exe
Username : LAPTOP-UT3JB7CV\SANKET
----------------------------------------------------------------------------------------------------
----------------------------------------------------------------------------------------------------

Process ID : 14296
Process Name : Code.exe
Username : LAPTOP-UT3JB7CV\SANKET
----------------------------------------------------------------------------------------------------
----------------------------------------------------------------------------------------------------

Process ID : 14496
Process Name : csrss.exe
Username : None
----------------------------------------------------------------------------------------------------
----------------------------------------------------------------------------------------------------

Process ID : 14568
Process Name : GooglePlayGamesServices.exe
Username : None
----------------------------------------------------------------------------------------------------
----------------------------------------------------------------------------------------------------

Process ID : 14572
Process Name : mc-neo-host.exe
Username : None
----------------------------------------------------------------------------------------------------
----------------------------------------------------------------------------------------------------

Process ID : 14612
Process Name : msedge.exe
Username : LAPTOP-UT3JB7CV\SANKET
----------------------------------------------------------------------------------------------------
----------------------------------------------------------------------------------------------------

Process ID : 14728
Process Name : svchost.exe
Username : None
----------------------------------------------------------------------------------------------------
----------------------------------------------------------------------------------------------------

Process ID : 14732
Process Name : HxOutlook.exe
Username : LAPTOP-UT3JB7CV\SANKET
----------------------------------------------------------------------------------------------------
----------------------------------------------------------------------------------------------------

Process ID : 14824
Process Name : sqlceip.exe
Username : None
----------------------------------------------------------------------------------------------------
----------------------------------------------------------------------------------------------------

Process ID : 15160
Process Name : UserOOBEBroker.exe
Username : LAPTOP-UT3JB7CV\SANKET
----------------------------------------------------------------------------------------------------
----------------------------------------------------------------------------------------------------

Process ID : 15176
Process Name : WidgetService.exe
Username : LAPTOP-UT3JB7CV\SANKET
----------------------------------------------------------------------------------------------------
----------------------------------------------------------------------------------------------------

Process ID : 15216
Process Name : msedgewebview2.exe
Username : LAPTOP-UT3JB7CV\SANKET
----------------------------------------------------------------------------------------------------
----------------------------------------------------------------------------------------------------

Process ID : 15260
Process Name : MicrosoftStartFeedProvider.exe
Username : LAPTOP-UT3JB7CV\SANKET
----------------------------------------------------------------------------------------------------
----------------------------------------------------------------------------------------------------

Process ID : 15432
Process Name : ApplicationFrameHost.exe
Username : LAPTOP-UT3JB7CV\SANKET
----------------------------------------------------------------------------------------------------
----------------------------------------------------------------------------------------------------

Process ID : 15472
Process Name : msedgewebview2.exe
Username : LAPTOP-UT3JB7CV\SANKET
----------------------------------------------------------------------------------------------------
----------------------------------------------------------------------------------------------------

Process ID : 15608
Process Name : Code.exe
Username : LAPTOP-UT3JB7CV\SANKET
----------------------------------------------------------------------------------------------------
----------------------------------------------------------------------------------------------------

Process ID : 15748
Process Name : SecurityHealthService.exe
Username : None
----------------------------------------------------------------------------------------------------
----------------------------------------------------------------------------------------------------

Process ID : 15808
Process Name : atieclxx.exe
Username : None
----------------------------------------------------------------------------------------------------
----------------------------------------------------------------------------------------------------

Process ID : 15972
Process Name : svchost.exe
Username : None
----------------------------------------------------------------------------------------------------
----------------------------------------------------------------------------------------------------

Process ID : 16284
Process Name : msedgewebview2.exe
Username : LAPTOP-UT3JB7CV\SANKET
----------------------------------------------------------------------------------------------------
----------------------------------------------------------------------------------------------------

Process ID : 16380
Process Name : svchost.exe
Username : None
----------------------------------------------------------------------------------------------------
----------------------------------------------------------------------------------------------------

Process ID : 16856
Process Name : HPSystemEventUtilityBackground.exe
Username : LAPTOP-UT3JB7CV\SANKET
----------------------------------------------------------------------------------------------------
----------------------------------------------------------------------------------------------------

Process ID : 16924
Process Name : msedge.exe
Username : LAPTOP-UT3JB7CV\SANKET
----------------------------------------------------------------------------------------------------
----------------------------------------------------------------------------------------------------

Process ID : 16960
Process Name : msedgewebview2.exe
Username : LAPTOP-UT3JB7CV\SANKET
----------------------------------------------------------------------------------------------------
----------------------------------------------------------------------------------------------------

Process ID : 17032
Process Name : msedge.exe
Username : LAPTOP-UT3JB7CV\SANKET
----------------------------------------------------------------------------------------------------
----------------------------------------------------------------------------------------------------

Process ID : 17196
Process Name : svchost.exe
Username : None
----------------------------------------------------------------------------------------------------
----------------------------------------------------------------------------------------------------

Process ID : 17208
Process Name : WidgetBoard.exe
Username : LAPTOP-UT3JB7CV\SANKET
----------------------------------------------------------------------------------------------------
----------------------------------------------------------------------------------------------------

Process ID : 17216
Process Name : msedge.exe
Username : LAPTOP-UT3JB7CV\SANKET
----------------------------------------------------------------------------------------------------
----------------------------------------------------------------------------------------------------

Process ID : 17228
Process Name : DesktopExtension.exe
Username : LAPTOP-UT3JB7CV\SANKET
----------------------------------------------------------------------------------------------------
----------------------------------------------------------------------------------------------------

Process ID : 17284
Process Name : svchost.exe
Username : LAPTOP-UT3JB7CV\SANKET
----------------------------------------------------------------------------------------------------
----------------------------------------------------------------------------------------------------

Process ID : 17296
Process Name : msedge.exe
Username : LAPTOP-UT3JB7CV\SANKET
----------------------------------------------------------------------------------------------------
----------------------------------------------------------------------------------------------------

Process ID : 17496
Process Name : svchost.exe
Username : None
----------------------------------------------------------------------------------------------------
----------------------------------------------------------------------------------------------------

Process ID : 17572
Process Name : svchost.exe
Username : None
----------------------------------------------------------------------------------------------------
----------------------------------------------------------------------------------------------------

Process ID : 17900
Process Name : svchost.exe
Username : None
----------------------------------------------------------------------------------------------------
----------------------------------------------------------------------------------------------------

Process ID : 17940
Process Name : svchost.exe
Username : None
----------------------------------------------------------------------------------------------------
----------------------------------------------------------------------------------------------------

Process ID : 18112
Process Name : svchost.exe
Username : LAPTOP-UT3JB7CV\SANKET
----------------------------------------------------------------------------------------------------
----------------------------------------------------------------------------------------------------

Process ID : 18160
Process Name : RuntimeBroker.exe
Username : LAPTOP-UT3JB7CV\SANKET
----------------------------------------------------------------------------------------------------
----------------------------------------------------------------------------------------------------

Process ID : 18428
Process Name : fdm.exe
Username : LAPTOP-UT3JB7CV\SANKET
----------------------------------------------------------------------------------------------------
----------------------------------------------------------------------------------------------------

Process ID : 18436
Process Name : SearchProtocolHost.exe
Username : None
----------------------------------------------------------------------------------------------------
----------------------------------------------------------------------------------------------------

Process ID : 18504
Process Name : sqlservr.exe
Username : None
----------------------------------------------------------------------------------------------------
----------------------------------------------------------------------------------------------------

Process ID : 18584
Process Name : SystemSettings.exe
Username : LAPTOP-UT3JB7CV\SANKET
----------------------------------------------------------------------------------------------------
----------------------------------------------------------------------------------------------------

Process ID : 18640
Process Name : AdobeCollabSync.exe
Username : LAPTOP-UT3JB7CV\SANKET
----------------------------------------------------------------------------------------------------
----------------------------------------------------------------------------------------------------

Process ID : 18820
Process Name : msedge.exe
Username : LAPTOP-UT3JB7CV\SANKET
----------------------------------------------------------------------------------------------------
----------------------------------------------------------------------------------------------------

Process ID : 18968
Process Name : SysInfoCap.exe
Username : None
----------------------------------------------------------------------------------------------------
----------------------------------------------------------------------------------------------------

Process ID : 19012
Process Name : svchost.exe
Username : None
----------------------------------------------------------------------------------------------------
----------------------------------------------------------------------------------------------------

Process ID : 19096
Process Name : RadeonSoftware.exe
Username : LAPTOP-UT3JB7CV\SANKET
----------------------------------------------------------------------------------------------------
----------------------------------------------------------------------------------------------------

Process ID : 19244
Process Name : ctfmon.exe
Username : LAPTOP-UT3JB7CV\SANKET
----------------------------------------------------------------------------------------------------
----------------------------------------------------------------------------------------------------

Process ID : 19384
Process Name : Code.exe
Username : LAPTOP-UT3JB7CV\SANKET
----------------------------------------------------------------------------------------------------
----------------------------------------------------------------------------------------------------

Process ID : 19436
Process Name : svchost.exe
Username : LAPTOP-UT3JB7CV\SANKET
----------------------------------------------------------------------------------------------------
----------------------------------------------------------------------------------------------------

Process ID : 19532
Process Name : svchost.exe
Username : None
----------------------------------------------------------------------------------------------------
----------------------------------------------------------------------------------------------------

Process ID : 19960
Process Name : OpenConsole.exe
Username : LAPTOP-UT3JB7CV\SANKET
----------------------------------------------------------------------------------------------------
----------------------------------------------------------------------------------------------------

Process ID : 20008
Process Name : PhoneExperienceHost.exe
Username : LAPTOP-UT3JB7CV\SANKET
----------------------------------------------------------------------------------------------------
----------------------------------------------------------------------------------------------------

Process ID : 20052
Process Name : FileSyncHelper.exe
Username : None
----------------------------------------------------------------------------------------------------
----------------------------------------------------------------------------------------------------

Process ID : 20300
Process Name : CrossDeviceResume.exe
Username : LAPTOP-UT3JB7CV\SANKET
----------------------------------------------------------------------------------------------------
----------------------------------------------------------------------------------------------------

Process ID : 20616
Process Name : NisSrv.exe
Username : None
----------------------------------------------------------------------------------------------------
----------------------------------------------------------------------------------------------------

Process ID : 20624
Process Name : svchost.exe
Username : None
----------------------------------------------------------------------------------------------------
----------------------------------------------------------------------------------------------------

Process ID : 20720
Process Name : msedge.exe
Username : LAPTOP-UT3JB7CV\SANKET
----------------------------------------------------------------------------------------------------
----------------------------------------------------------------------------------------------------

Process ID : 20724
Process Name : backgroundTaskHost.exe
Username : LAPTOP-UT3JB7CV\SANKET
----------------------------------------------------------------------------------------------------
----------------------------------------------------------------------------------------------------

Process ID : 20740
Process Name : Code.exe
Username : LAPTOP-UT3JB7CV\SANKET
----------------------------------------------------------------------------------------------------
----------------------------------------------------------------------------------------------------

Process ID : 20932
Process Name : ms-teams.exe
Username : LAPTOP-UT3JB7CV\SANKET
----------------------------------------------------------------------------------------------------
----------------------------------------------------------------------------------------------------

Process ID : 21000
Process Name : explorer.exe
Username : LAPTOP-UT3JB7CV\SANKET
----------------------------------------------------------------------------------------------------
----------------------------------------------------------------------------------------------------

Process ID : 21112
Process Name : crashpad_handler.exe
Username : None
----------------------------------------------------------------------------------------------------
----------------------------------------------------------------------------------------------------

Process ID : 21160
Process Name : svchost.exe
Username : None
----------------------------------------------------------------------------------------------------
----------------------------------------------------------------------------------------------------

Process ID : 21232
Process Name : cncmd.exe
Username : LAPTOP-UT3JB7CV\SANKET
----------------------------------------------------------------------------------------------------
----------------------------------------------------------------------------------------------------

Process ID : 21236
Process Name : OneDrive.exe
Username : LAPTOP-UT3JB7CV\SANKET
----------------------------------------------------------------------------------------------------
----------------------------------------------------------------------------------------------------

Process ID : 21400
Process Name : svchost.exe
Username : None
----------------------------------------------------------------------------------------------------
----------------------------------------------------------------------------------------------------

Process ID : 21820
Process Name : Code.exe
Username : LAPTOP-UT3JB7CV\SANKET
----------------------------------------------------------------------------------------------------
----------------------------------------------------------------------------------------------------

Process ID : 21860
Process Name : conhost.exe
Username : LAPTOP-UT3JB7CV\SANKET
----------------------------------------------------------------------------------------------------
----------------------------------------------------------------------------------------------------

Process ID : 21908
Process Name : PushNotificationsLongRunningTask.exe
Username : LAPTOP-UT3JB7CV\SANKET
----------------------------------------------------------------------------------------------------
----------------------------------------------------------------------------------------------------

Process ID : 22264
Process Name : sppsvc.exe
Username : None
----------------------------------------------------------------------------------------------------
----------------------------------------------------------------------------------------------------

Process ID : 22628
Process Name : TextInputHost.exe
Username : LAPTOP-UT3JB7CV\SANKET
----------------------------------------------------------------------------------------------------
----------------------------------------------------------------------------------------------------

Process ID : 22776
Process Name : svchost.exe
Username : None
----------------------------------------------------------------------------------------------------
----------------------------------------------------------------------------------------------------

Process ID : 22928
Process Name : RuntimeBroker.exe
Username : LAPTOP-UT3JB7CV\SANKET
----------------------------------------------------------------------------------------------------
----------------------------------------------------------------------------------------------------

Process ID : 22948
Process Name : RtkAudUService64.exe
Username : None
----------------------------------------------------------------------------------------------------
----------------------------------------------------------------------------------------------------

Process ID : 23232
Process Name : svchost.exe
Username : LAPTOP-UT3JB7CV\SANKET
----------------------------------------------------------------------------------------------------
----------------------------------------------------------------------------------------------------

Process ID : 23308
Process Name : RuntimeBroker.exe
Username : LAPTOP-UT3JB7CV\SANKET
----------------------------------------------------------------------------------------------------
----------------------------------------------------------------------------------------------------

Process ID : 23384
Process Name : RuntimeBroker.exe
Username : LAPTOP-UT3JB7CV\SANKET
----------------------------------------------------------------------------------------------------
----------------------------------------------------------------------------------------------------

Process ID : 23444
Process Name : HPMediaNetwork.exe
Username : LAPTOP-UT3JB7CV\SANKET
----------------------------------------------------------------------------------------------------
----------------------------------------------------------------------------------------------------

Process ID : 23448
Process Name : HxTsr.exe
Username : LAPTOP-UT3JB7CV\SANKET
----------------------------------------------------------------------------------------------------
----------------------------------------------------------------------------------------------------

Process ID : 23532
Process Name : SecurityHealthSystray.exe
Username : LAPTOP-UT3JB7CV\SANKET
----------------------------------------------------------------------------------------------------
----------------------------------------------------------------------------------------------------

Process ID : 23628
Process Name : svchost.exe
Username : None
----------------------------------------------------------------------------------------------------
----------------------------------------------------------------------------------------------------

Process ID : 23920
Process Name : jusched.exe
Username : LAPTOP-UT3JB7CV\SANKET
----------------------------------------------------------------------------------------------------
----------------------------------------------------------------------------------------------------

Process ID : 23976
Process Name : Code.exe
Username : LAPTOP-UT3JB7CV\SANKET
----------------------------------------------------------------------------------------------------
----------------------------------------------------------------------------------------------------

Process ID : 24064
Process Name : conhost.exe
Username : LAPTOP-UT3JB7CV\SANKET
----------------------------------------------------------------------------------------------------
----------------------------------------------------------------------------------------------------

Process ID : 24164
Process Name : RuntimeBroker.exe
Username : LAPTOP-UT3JB7CV\SANKET
----------------------------------------------------------------------------------------------------
----------------------------------------------------------------------------------------------------

Process ID : 24260
Process Name : MsMpEng.exe
Username : None
----------------------------------------------------------------------------------------------------
----------------------------------------------------------------------------------------------------

Process ID : 24456
Process Name : ETDCtrl.exe
Username : LAPTOP-UT3JB7CV\SANKET
----------------------------------------------------------------------------------------------------
----------------------------------------------------------------------------------------------------

Process ID : 24476
Process Name : AMDRSSrcExt.exe
Username : LAPTOP-UT3JB7CV\SANKET
----------------------------------------------------------------------------------------------------
----------------------------------------------------------------------------------------------------

Process ID : 24980
Process Name : msedge.exe
Username : LAPTOP-UT3JB7CV\SANKET
----------------------------------------------------------------------------------------------------
----------------------------------------------------------------------------------------------------

Process ID : 25048
Process Name : ShellHost.exe
Username : LAPTOP-UT3JB7CV\SANKET
----------------------------------------------------------------------------------------------------
----------------------------------------------------------------------------------------------------

Process ID : 25664
Process Name : HPSystemEventUtilityHost.exe
Username : LAPTOP-UT3JB7CV\SANKET
----------------------------------------------------------------------------------------------------
----------------------------------------------------------------------------------------------------

Process ID : 25876
Process Name : python.exe
Username : LAPTOP-UT3JB7CV\SANKET
----------------------------------------------------------------------------------------------------
----------------------------------------------------------------------------------------------------
----------------------------------------------------------------------------------------------------
End of log file
----------------------------------------------------------------------------------------------------
----------------------------------------------------------------------------------------------------
